// Vitest Snapshot v1, https://vitest.dev/guide/snapshot.html

exports[`scenario registry > matches the frame id/edge snapshot 1`] = `
[
  {
    "frames": [
      "plan-gate-ask:01 plan.goal <- cut",
      "plan-gate-ask:02 plan.resolve <- plan.goal>plan.resolve:tickets-json-written",
      "plan-gate-ask:03 plan.gate <- plan.resolve>plan.gate:valid-warnings-advisory-previewed",
      "plan-gate-ask:04 plan.reuse <- plan.gate>plan.reuse:ask-y-or-yes-run",
    ],
    "id": "plan-gate-ask",
  },
  {
    "frames": [
      "plan-gate-run:01 plan.goal <- cut",
      "plan-gate-run:02 plan.resolve <- plan.goal>plan.resolve:tickets-json-written",
      "plan-gate-run:03 plan.gate <- plan.resolve>plan.gate:valid-warnings-advisory-previewed",
      "plan-gate-run:04 plan.reuse <- plan.gate>plan.reuse:ask-y-or-yes-run",
    ],
    "id": "plan-gate-run",
  },
  {
    "frames": [
      "plan-gate-hint:01 plan.goal <- cut",
      "plan-gate-hint:02 plan.resolve <- plan.goal>plan.resolve:tickets-json-written",
      "plan-gate-hint:03 plan.gate <- plan.resolve>plan.gate:valid-warnings-advisory-previewed",
      "plan-gate-hint:04 plan.hint <- plan.gate>plan.hint:no-tty-no-yes-hint",
    ],
    "id": "plan-gate-hint",
  },
  {
    "frames": [
      "plan-gate-declined:01 plan.goal <- cut",
      "plan-gate-declined:02 plan.resolve <- plan.goal>plan.resolve:tickets-json-written",
      "plan-gate-declined:03 plan.gate <- plan.resolve>plan.gate:valid-warnings-advisory-previewed",
      "plan-gate-declined:04 plan.hint <- plan.gate>plan.hint:declined-n-hint",
    ],
    "id": "plan-gate-declined",
  },
  {
    "frames": [
      "plan-blocked:01 plan.goal <- cut",
      "plan-blocked:02 plan.resolve <- plan.goal>plan.resolve:tickets-json-written",
      "plan-blocked:03 plan.blocked <- plan.resolve>plan.blocked:errors-block",
    ],
    "id": "plan-blocked",
  },
  {
    "frames": [
      "plan-create:01 plan.goal <- cut",
      "plan-create:02 plan.resolve <- plan.goal>plan.resolve:tickets-json-written",
      "plan-create:03 plan.gate <- plan.resolve>plan.gate:valid-warnings-advisory-previewed",
      "plan-create:04 plan.reuse <- plan.gate>plan.reuse:ask-y-or-yes-run",
      "plan-create:05 plan.create <- plan.reuse>plan.create:no-marker-create",
      "plan-create:06 route.assign <- plan.create>route.assign:created-route-them",
    ],
    "id": "plan-create",
  },
  {
    "frames": [
      "plan-rerun:01 plan.goal <- cut",
      "plan-rerun:02 plan.resolve <- plan.goal>plan.resolve:tickets-json-written",
      "plan-rerun:03 plan.gate <- plan.resolve>plan.gate:valid-warnings-advisory-previewed",
      "plan-rerun:04 plan.reuse <- plan.gate>plan.reuse:ask-y-or-yes-run",
      "plan-rerun:05 route.assign <- plan.reuse>route.assign:marker-found-reuse-issue",
    ],
    "id": "plan-rerun",
  },
  {
    "frames": [
      "routing-judge:01 route.assign <- cut",
      "routing-judge:02 route.judge <- route.assign>route.judge:brief-to-the-lead",
      "routing-judge:03 route.eval <- route.judge>route.eval:routing-plan-json",
      "routing-judge:04 route.apply <- route.eval>route.apply:advisory-gaps-warn-on-stderr-never-blocks",
      "routing-judge:05 state.ready <- route.apply>state.ready:valid-entries-agent-effort-filled",
    ],
    "id": "routing-judge",
  },
  {
    "frames": [
      "routing-skip:01 route.assign <- cut",
      "routing-skip:02 route.judge <- route.assign>route.judge:brief-to-the-lead",
      "routing-skip:03 route.eval <- route.judge>route.eval:routing-plan-json",
      "routing-skip:04 route.apply <- route.eval>route.apply:advisory-gaps-warn-on-stderr-never-blocks",
      "routing-skip:05 route.skipped <- route.apply>route.skipped:invalid-or-missing-entry-skipped",
    ],
    "id": "routing-skip",
  },
  {
    "frames": [
      "happy-path:01 state.ready <- cut",
      "happy-path:02 route.eligible <- state.ready>route.eligible:next-run-autopilot",
      "happy-path:03 route.cycles <- route.eligible>route.cycles:open-dependencies",
      "happy-path:04 route.after <- route.cycles>route.after:eligible-set",
      "happy-path:05 run.claim <- route.after>run.claim:lowest-preference-first",
      "happy-path:06 run.saga <- run.claim>run.saga:lock-projection-worktree",
      "happy-path:07 state.claimed <- run.saga>state.claimed:setup-verified",
      "happy-path:08 state.in-progress <- state.claimed>state.in-progress:start-work",
      "happy-path:09 run.outcome <- state.in-progress>run.outcome:harness-exits",
      "happy-path:10 run.submit <- run.outcome>run.submit:commits-made",
      "happy-path:11 state.in-review <- run.submit>state.in-review:pr-opened",
      "happy-path:12 auto.observe <- state.in-review>auto.observe:autopilot-polls-open-prs",
      "happy-path:13 auto.decide <- auto.observe>auto.decide:observed-facts",
      "happy-path:14 step.review <- auto.decide>step.review:no-accepted-approval",
      "happy-path:15 review.pick <- step.review>review.pick:runs-the-reviewer",
      "happy-path:16 review.cross <- review.pick>review.cross:other-harness-available",
      "happy-path:17 review.run <- review.cross>review.run:read-only-checkout-of-the-head",
      "happy-path:18 review.verdict <- review.run>review.verdict:reply-parsed",
      "happy-path:19 review.approve <- review.verdict>review.approve:approve",
      "happy-path:20 review.gate <- review.approve>review.gate:approval-on-current-head",
      "happy-path:21 review.merge <- review.gate>review.merge:gate-passes",
      "happy-path:22 review.cleanup <- review.merge>review.cleanup:merged-lock-released",
      "happy-path:23 state.done <- review.cleanup>state.done:worktree-removed-resources-released",
    ],
    "id": "happy-path",
  },
  {
    "frames": [
      "plan-complete:01 auto.decide <- cut",
      "plan-complete:02 auto.report <- auto.decide>auto.report:drained-or-plan-complete",
    ],
    "id": "plan-complete",
  },
  {
    "frames": [
      "autopilot-review-fix:01 auto.observe <- cut",
      "autopilot-review-fix:02 auto.decide <- auto.observe>auto.decide:observed-facts",
      "autopilot-review-fix:03 step.review <- auto.decide>step.review:no-accepted-approval",
      "autopilot-review-fix:04 review.pick <- step.review>review.pick:runs-the-reviewer",
      "autopilot-review-fix:05 review.cross <- review.pick>review.cross:other-harness-available",
      "autopilot-review-fix:06 review.run <- review.cross>review.run:read-only-checkout-of-the-head",
      "autopilot-review-fix:07 review.verdict <- review.run>review.verdict:reply-parsed",
      "autopilot-review-fix:08 review.changes <- review.verdict>review.changes:changes",
      "autopilot-review-fix:09 state.in-progress <- review.changes>state.in-progress:author-bounce",
      "autopilot-review-fix:10 auto.observe <- state.in-progress>auto.observe:autopilot-polls-author-bounce",
      "autopilot-review-fix:11 auto.decide <- auto.observe>auto.decide:observed-facts",
      "autopilot-review-fix:12 step.fix <- auto.decide>step.fix:changes-requested",
      "autopilot-review-fix:13 auto.push <- step.fix>auto.push:agent-fixed-orch-pushes",
      "autopilot-review-fix:14 state.in-review <- auto.push>state.in-review:review-needed-restored",
      "autopilot-review-fix:15 auto.observe <- state.in-review>auto.observe:autopilot-polls-open-prs",
      "autopilot-review-fix:16 auto.decide <- auto.observe>auto.decide:observed-facts",
      "autopilot-review-fix:17 step.review <- auto.decide>step.review:no-accepted-approval",
      "autopilot-review-fix:18 review.pick <- step.review>review.pick:runs-the-reviewer",
      "autopilot-review-fix:19 review.cross <- review.pick>review.cross:other-harness-available",
      "autopilot-review-fix:20 review.run <- review.cross>review.run:read-only-checkout-of-the-head",
      "autopilot-review-fix:21 review.verdict <- review.run>review.verdict:reply-parsed",
      "autopilot-review-fix:22 review.approve <- review.verdict>review.approve:approve",
      "autopilot-review-fix:23 review.gate <- review.approve>review.gate:approval-on-current-head",
      "autopilot-review-fix:24 state.in-review <- review.gate>state.in-review:stale-head-or-no-accepted-approval",
      "autopilot-review-fix:25 auto.observe <- state.in-review>auto.observe:autopilot-polls-open-prs",
      "autopilot-review-fix:26 auto.decide <- auto.observe>auto.decide:observed-facts",
      "autopilot-review-fix:27 step.merge <- auto.decide>step.merge:approved-and-green",
      "autopilot-review-fix:28 review.gate <- step.merge>review.gate:always-through-the-gate",
      "autopilot-review-fix:29 review.merge <- review.gate>review.merge:gate-passes",
      "autopilot-review-fix:30 review.cleanup <- review.merge>review.cleanup:merged-lock-released",
      "autopilot-review-fix:31 state.done <- review.cleanup>state.done:worktree-removed-resources-released",
    ],
    "id": "autopilot-review-fix",
  },
  {
    "frames": [
      "autopilot-ci-fix:01 auto.observe <- cut",
      "autopilot-ci-fix:02 auto.decide <- auto.observe>auto.decide:observed-facts",
      "autopilot-ci-fix:03 step.fix <- auto.decide>step.fix:ci-failing",
      "autopilot-ci-fix:04 auto.push <- step.fix>auto.push:agent-fixed-orch-pushes",
      "autopilot-ci-fix:05 state.in-review <- auto.push>state.in-review:review-needed-restored",
      "autopilot-ci-fix:06 auto.observe <- state.in-review>auto.observe:autopilot-polls-open-prs",
      "autopilot-ci-fix:07 auto.decide <- auto.observe>auto.decide:observed-facts",
      "autopilot-ci-fix:08 step.review <- auto.decide>step.review:no-accepted-approval",
      "autopilot-ci-fix:09 review.pick <- step.review>review.pick:runs-the-reviewer",
      "autopilot-ci-fix:10 review.cross <- review.pick>review.cross:other-harness-available",
      "autopilot-ci-fix:11 review.run <- review.cross>review.run:read-only-checkout-of-the-head",
      "autopilot-ci-fix:12 review.verdict <- review.run>review.verdict:reply-parsed",
      "autopilot-ci-fix:13 review.approve <- review.verdict>review.approve:approve",
      "autopilot-ci-fix:14 review.gate <- review.approve>review.gate:approval-on-current-head",
      "autopilot-ci-fix:15 state.in-review <- review.gate>state.in-review:stale-head-or-no-accepted-approval",
      "autopilot-ci-fix:16 auto.observe <- state.in-review>auto.observe:autopilot-polls-open-prs",
      "autopilot-ci-fix:17 auto.decide <- auto.observe>auto.decide:observed-facts",
      "autopilot-ci-fix:18 step.merge <- auto.decide>step.merge:approved-and-green",
      "autopilot-ci-fix:19 review.gate <- step.merge>review.gate:always-through-the-gate",
      "autopilot-ci-fix:20 review.merge <- review.gate>review.merge:gate-passes",
      "autopilot-ci-fix:21 review.cleanup <- review.merge>review.cleanup:merged-lock-released",
      "autopilot-ci-fix:22 state.done <- review.cleanup>state.done:worktree-removed-resources-released",
    ],
    "id": "autopilot-ci-fix",
  },
  {
    "frames": [
      "autopilot-conflict:01 auto.observe <- cut",
      "autopilot-conflict:02 auto.decide <- auto.observe>auto.decide:observed-facts",
      "autopilot-conflict:03 step.resolve-conflict <- auto.decide>step.resolve-conflict:branch-conflicts-with-base",
      "autopilot-conflict:04 auto.push <- step.resolve-conflict>auto.push:base-merged-ancestor-verified",
      "autopilot-conflict:05 state.in-review <- auto.push>state.in-review:review-needed-restored",
      "autopilot-conflict:06 auto.observe <- state.in-review>auto.observe:autopilot-polls-open-prs",
      "autopilot-conflict:07 auto.decide <- auto.observe>auto.decide:observed-facts",
      "autopilot-conflict:08 step.review <- auto.decide>step.review:no-accepted-approval",
      "autopilot-conflict:09 review.pick <- step.review>review.pick:runs-the-reviewer",
      "autopilot-conflict:10 review.cross <- review.pick>review.cross:other-harness-available",
      "autopilot-conflict:11 review.run <- review.cross>review.run:read-only-checkout-of-the-head",
      "autopilot-conflict:12 review.verdict <- review.run>review.verdict:reply-parsed",
      "autopilot-conflict:13 review.approve <- review.verdict>review.approve:approve",
      "autopilot-conflict:14 review.gate <- review.approve>review.gate:approval-on-current-head",
      "autopilot-conflict:15 state.in-review <- review.gate>state.in-review:stale-head-or-no-accepted-approval",
      "autopilot-conflict:16 auto.observe <- state.in-review>auto.observe:autopilot-polls-open-prs",
      "autopilot-conflict:17 auto.decide <- auto.observe>auto.decide:observed-facts",
      "autopilot-conflict:18 step.merge <- auto.decide>step.merge:approved-and-green",
      "autopilot-conflict:19 review.gate <- step.merge>review.gate:always-through-the-gate",
      "autopilot-conflict:20 review.merge <- review.gate>review.merge:gate-passes",
      "autopilot-conflict:21 review.cleanup <- review.merge>review.cleanup:merged-lock-released",
      "autopilot-conflict:22 state.done <- review.cleanup>state.done:worktree-removed-resources-released",
    ],
    "id": "autopilot-conflict",
  },
  {
    "frames": [
      "autopilot-wait-ci:01 auto.observe <- cut",
      "autopilot-wait-ci:02 auto.decide <- auto.observe>auto.decide:observed-facts",
      "autopilot-wait-ci:03 step.wait <- auto.decide>step.wait:ci-pending-or-mergeability-unknown",
      "autopilot-wait-ci:04 auto.observe <- step.wait>auto.observe:poll-again",
      "autopilot-wait-ci:05 auto.decide <- auto.observe>auto.decide:observed-facts",
      "autopilot-wait-ci:06 step.merge <- auto.decide>step.merge:approved-and-green",
      "autopilot-wait-ci:07 review.gate <- step.merge>review.gate:always-through-the-gate",
      "autopilot-wait-ci:08 review.merge <- review.gate>review.merge:gate-passes",
      "autopilot-wait-ci:09 review.cleanup <- review.merge>review.cleanup:merged-lock-released",
      "autopilot-wait-ci:10 state.done <- review.cleanup>state.done:worktree-removed-resources-released",
    ],
    "id": "autopilot-wait-ci",
  },
  {
    "frames": [
      "autopilot-wait-mergeability:01 auto.observe <- cut",
      "autopilot-wait-mergeability:02 auto.decide <- auto.observe>auto.decide:observed-facts",
      "autopilot-wait-mergeability:03 step.wait <- auto.decide>step.wait:ci-pending-or-mergeability-unknown",
      "autopilot-wait-mergeability:04 auto.observe <- step.wait>auto.observe:poll-again",
      "autopilot-wait-mergeability:05 auto.decide <- auto.observe>auto.decide:observed-facts",
      "autopilot-wait-mergeability:06 step.merge <- auto.decide>step.merge:approved-and-green",
      "autopilot-wait-mergeability:07 review.gate <- step.merge>review.gate:always-through-the-gate",
      "autopilot-wait-mergeability:08 review.merge <- review.gate>review.merge:gate-passes",
      "autopilot-wait-mergeability:09 review.cleanup <- review.merge>review.cleanup:merged-lock-released",
      "autopilot-wait-mergeability:10 state.done <- review.cleanup>state.done:worktree-removed-resources-released",
    ],
    "id": "autopilot-wait-mergeability",
  },
  {
    "frames": [
      "autopilot-await-human:01 auto.observe <- cut",
      "autopilot-await-human:02 auto.decide <- auto.observe>auto.decide:observed-facts",
      "autopilot-await-human:03 step.await-human <- auto.decide>step.await-human:requirehumanmerge",
    ],
    "id": "autopilot-await-human",
  },
  {
    "frames": [
      "autopilot-triage-retry:01 auto.observe <- cut",
      "autopilot-triage-retry:02 auto.decide <- auto.observe>auto.decide:observed-facts",
      "autopilot-triage-retry:03 step.triage <- auto.decide>step.triage:budget-spent-triages-left",
      "autopilot-triage-retry:04 auto.observe <- step.triage>auto.observe:retry-guidance-recorded-re-observe",
      "autopilot-triage-retry:05 auto.decide <- auto.observe>auto.decide:observed-facts",
      "autopilot-triage-retry:06 step.fix <- auto.decide>step.fix:changes-requested",
      "autopilot-triage-retry:07 auto.push <- step.fix>auto.push:agent-fixed-orch-pushes",
      "autopilot-triage-retry:08 state.in-review <- auto.push>state.in-review:review-needed-restored",
      "autopilot-triage-retry:09 auto.observe <- state.in-review>auto.observe:autopilot-polls-open-prs",
      "autopilot-triage-retry:10 auto.decide <- auto.observe>auto.decide:observed-facts",
      "autopilot-triage-retry:11 step.review <- auto.decide>step.review:no-accepted-approval",
      "autopilot-triage-retry:12 review.pick <- step.review>review.pick:runs-the-reviewer",
      "autopilot-triage-retry:13 review.cross <- review.pick>review.cross:other-harness-available",
      "autopilot-triage-retry:14 review.run <- review.cross>review.run:read-only-checkout-of-the-head",
      "autopilot-triage-retry:15 review.verdict <- review.run>review.verdict:reply-parsed",
      "autopilot-triage-retry:16 review.approve <- review.verdict>review.approve:approve",
      "autopilot-triage-retry:17 review.gate <- review.approve>review.gate:approval-on-current-head",
      "autopilot-triage-retry:18 state.in-review <- review.gate>state.in-review:stale-head-or-no-accepted-approval",
      "autopilot-triage-retry:19 auto.observe <- state.in-review>auto.observe:autopilot-polls-open-prs",
      "autopilot-triage-retry:20 auto.decide <- auto.observe>auto.decide:observed-facts",
      "autopilot-triage-retry:21 step.merge <- auto.decide>step.merge:approved-and-green",
      "autopilot-triage-retry:22 review.gate <- step.merge>review.gate:always-through-the-gate",
      "autopilot-triage-retry:23 review.merge <- review.gate>review.merge:gate-passes",
      "autopilot-triage-retry:24 review.cleanup <- review.merge>review.cleanup:merged-lock-released",
      "autopilot-triage-retry:25 state.done <- review.cleanup>state.done:worktree-removed-resources-released",
    ],
    "id": "autopilot-triage-retry",
  },
  {
    "frames": [
      "autopilot-triage-escalate:01 auto.observe <- cut",
      "autopilot-triage-escalate:02 auto.decide <- auto.observe>auto.decide:observed-facts",
      "autopilot-triage-escalate:03 step.triage <- auto.decide>step.triage:budget-spent-triages-left",
      "autopilot-triage-escalate:04 step.escalate <- step.triage>step.escalate:escalate-paused-failed-or-unparseable",
      "autopilot-triage-escalate:05 auto.handoff <- step.escalate>auto.handoff:label-pr-comment",
      "autopilot-triage-escalate:06 step.none <- auto.handoff>step.none:loop-ignores-the-task-until-handed-back",
    ],
    "id": "autopilot-triage-escalate",
  },
  {
    "frames": [
      "autopilot-triage-disabled:01 auto.observe <- cut",
      "autopilot-triage-disabled:02 auto.decide <- auto.observe>auto.decide:observed-facts",
      "autopilot-triage-disabled:03 step.escalate <- auto.decide>step.escalate:budget-spent-no-triage-left-spent-or-off",
      "autopilot-triage-disabled:04 auto.handoff <- step.escalate>auto.handoff:label-pr-comment",
      "autopilot-triage-disabled:05 step.none <- auto.handoff>step.none:loop-ignores-the-task-until-handed-back",
    ],
    "id": "autopilot-triage-disabled",
  },
  {
    "frames": [
      "autopilot-ambiguous:01 auto.observe <- cut",
    ],
    "id": "autopilot-ambiguous",
  },
  {
    "frames": [
      "run-failed:01 state.in-progress <- cut",
      "run-failed:02 run.outcome <- state.in-progress>run.outcome:harness-exits",
      "run-failed:03 run.fail <- run.outcome>run.fail:non-zero-exit",
      "run-failed:04 run.cleanup <- run.fail>run.cleanup:safe-cleanup",
      "run-failed:05 state.needs-attention <- run.cleanup>state.needs-attention:worktree-removed-failure-telemetry",
    ],
    "id": "run-failed",
  },
  {
    "frames": [
      "run-timeout:01 state.in-progress <- cut",
      "run-timeout:02 run.outcome <- state.in-progress>run.outcome:harness-exits",
      "run-timeout:03 run.fail <- run.outcome>run.fail:non-zero-exit",
      "run-timeout:04 run.cleanup <- run.fail>run.cleanup:safe-cleanup",
      "run-timeout:05 state.needs-attention <- run.cleanup>state.needs-attention:worktree-removed-failure-telemetry",
    ],
    "id": "run-timeout",
  },
  {
    "frames": [
      "run-no-commits:01 state.in-progress <- cut",
      "run-no-commits:02 run.outcome <- state.in-progress>run.outcome:harness-exits",
      "run-no-commits:03 run.nocommit <- run.outcome>run.nocommit:no-commits",
      "run-no-commits:04 run.cleanup <- run.nocommit>run.cleanup:safe-cleanup",
      "run-no-commits:05 state.needs-attention <- run.cleanup>state.needs-attention:worktree-removed-failure-telemetry",
    ],
    "id": "run-no-commits",
  },
  {
    "frames": [
      "run-failed-retained:01 state.in-progress <- cut",
      "run-failed-retained:02 run.outcome <- state.in-progress>run.outcome:harness-exits",
      "run-failed-retained:03 run.fail <- run.outcome>run.fail:non-zero-exit",
      "run-failed-retained:04 run.cleanup <- run.fail>run.cleanup:safe-cleanup",
      "run-failed-retained:05 state.inconsistent <- run.cleanup>state.inconsistent:work-retained-failure-telemetry",
    ],
    "id": "run-failed-retained",
  },
  {
    "frames": [
      "abandon-clean:01 state.needs-attention <- cut",
      "abandon-clean:02 rec.abandon <- state.needs-attention>rec.abandon:orch-abandon-n",
      "abandon-clean:03 rec.safe <- rec.abandon>rec.safe:plain-abandon-safe-removal",
      "abandon-clean:04 rec.todo <- rec.safe>rec.todo:clean-removed-lock-released",
      "abandon-clean:05 state.needs-attention <- rec.todo>state.needs-attention:failure-telemetry-remains-or-commits-ahead",
    ],
    "id": "abandon-clean",
  },
  {
    "frames": [
      "abandon-retained:01 state.needs-attention <- cut",
      "abandon-retained:02 rec.abandon <- state.needs-attention>rec.abandon:orch-abandon-n",
      "abandon-retained:03 rec.safe <- rec.abandon>rec.safe:plain-abandon-safe-removal",
      "abandon-retained:04 rec.retained <- rec.safe>rec.retained:dirty-or-untracked-retained",
    ],
    "id": "abandon-retained",
  },
  {
    "frames": [
      "abandon-discard:01 state.needs-attention <- cut",
      "abandon-discard:02 rec.abandon <- state.needs-attention>rec.abandon:orch-abandon-n",
      "abandon-discard:03 rec.discard <- rec.abandon>rec.discard:discard-human-explicit",
      "abandon-discard:04 rec.todo <- rec.discard>rec.todo:force-removed-lock-released",
      "abandon-discard:05 state.needs-attention <- rec.todo>state.needs-attention:failure-telemetry-remains-or-commits-ahead",
    ],
    "id": "abandon-discard",
  },
  {
    "frames": [
      "usage-limit-requeue:01 run.outcome <- cut",
      "usage-limit-requeue:02 run.usage <- run.outcome>run.usage:own-log-shows-a-limit",
      "usage-limit-requeue:03 run.requeue <- run.usage>run.requeue:no-commits-no-open-pr-worktree-removed-lock-released",
      "usage-limit-requeue:04 state.ready <- run.requeue>state.ready:status-todo-harness-paused",
    ],
    "id": "usage-limit-requeue",
  },
  {
    "frames": [
      "self-review-cross-or-self:01 review.pick <- cut",
      "self-review-cross-or-self:02 review.self <- review.pick>review.self:all-others-paused-cross-or-self",
      "self-review-cross-or-self:03 review.run <- review.self>review.run:fresh-session-mode-self",
      "self-review-cross-or-self:04 review.verdict <- review.run>review.verdict:reply-parsed",
      "self-review-cross-or-self:05 review.approve <- review.verdict>review.approve:approve",
      "self-review-cross-or-self:06 review.gate <- review.approve>review.gate:approval-on-current-head",
    ],
    "id": "self-review-cross-or-self",
  },
  {
    "frames": [
      "self-review-cross:01 review.pick <- cut",
    ],
    "id": "self-review-cross",
  },
  {
    "frames": [
      "claim-compensation:01 run.claim <- cut",
      "claim-compensation:02 run.saga <- run.claim>run.saga:lock-projection-worktree",
      "claim-compensation:03 run.compensate <- run.saga>run.compensate:step-failed",
      "claim-compensation:04 state.ready <- run.compensate>state.ready:verified-delta-restored-own-lock-deleted",
    ],
    "id": "claim-compensation",
  },
  {
    "frames": [
      "repair-ready:01 state.inconsistent <- cut",
      "repair-ready:02 rec.repair <- state.inconsistent>rec.repair:apply-one-action-re-observe",
      "repair-ready:03 rec.derive <- rec.repair>rec.derive:observe-facts",
      "repair-ready:04 state.ready <- rec.derive>state.ready:converged-reset-for-retry",
    ],
    "id": "repair-ready",
  },
  {
    "frames": [
      "repair-claimed:01 state.inconsistent <- cut",
      "repair-claimed:02 rec.repair <- state.inconsistent>rec.repair:apply-one-action-re-observe",
      "repair-claimed:03 rec.derive <- rec.repair>rec.derive:observe-facts",
      "repair-claimed:04 state.claimed <- rec.derive>state.claimed:lock-and-worktree-restored-no-work-yet",
    ],
    "id": "repair-claimed",
  },
  {
    "frames": [
      "repair-in-progress:01 state.inconsistent <- cut",
      "repair-in-progress:02 rec.repair <- state.inconsistent>rec.repair:apply-one-action-re-observe",
      "repair-in-progress:03 rec.derive <- rec.repair>rec.derive:observe-facts",
      "repair-in-progress:04 state.in-progress <- rec.derive>state.in-progress:work-ahead-under-the-lock-or-changes-requested-on-the-open-pr",
    ],
    "id": "repair-in-progress",
  },
  {
    "frames": [
      "repair-done:01 state.inconsistent <- cut",
      "repair-done:02 rec.repair <- state.inconsistent>rec.repair:apply-one-action-re-observe",
      "repair-done:03 rec.derive <- rec.repair>rec.derive:observe-facts",
      "repair-done:04 state.done <- rec.derive>state.done:merged-issue-closed-retained-resources-safely-removed",
    ],
    "id": "repair-done",
  },
  {
    "frames": [
      "dependency-deadlock:01 route.cycles <- cut",
      "dependency-deadlock:02 route.cycle-deadlock <- route.cycles>route.cycle-deadlock:cycle-and-none-eligible",
    ],
    "id": "dependency-deadlock",
  },
  {
    "frames": [
      "after-eligible:01 route.after <- cut",
      "after-eligible:02 run.claim <- route.after>run.claim:lowest-preference-first",
    ],
    "id": "after-eligible",
  },
  {
    "frames": [
      "after-unavailable:01 route.after <- cut",
      "after-unavailable:02 run.claim <- route.after>run.claim:lowest-preference-first",
    ],
    "id": "after-unavailable",
  },
  {
    "frames": [
      "plan-create-response-lost:01 plan.create <- cut",
      "plan-create-response-lost:02 plan.reuse <- plan.create>plan.reuse:create-error-re-list",
      "plan-create-response-lost:03 route.assign <- plan.reuse>route.assign:marker-found-reuse-issue",
    ],
    "id": "plan-create-response-lost",
  },
  {
    "frames": [
      "claim-roll-forward:01 run.compensate <- cut",
      "claim-roll-forward:02 state.claimed <- run.compensate>state.claimed:worktree-usable-and-projection-proven-roll-forward",
    ],
    "id": "claim-roll-forward",
  },
  {
    "frames": [
      "claim-retain:01 run.compensate <- cut",
      "claim-retain:02 rec.retained <- run.compensate>rec.retained:unverifiable-ownership-retained",
    ],
    "id": "claim-retain",
  },
  {
    "frames": [
      "review-unreadable-verdict:01 state.in-review <- cut",
      "review-unreadable-verdict:02 review.pick <- state.in-review>review.pick:review-needed",
      "review-unreadable-verdict:03 review.cross <- review.pick>review.cross:other-harness-available",
      "review-unreadable-verdict:04 review.run <- review.cross>review.run:read-only-checkout-of-the-head",
      "review-unreadable-verdict:05 review.verdict <- review.run>review.verdict:reply-parsed",
      "review-unreadable-verdict:06 review.failclosed <- review.verdict>review.failclosed:unreadable-or-no-diff",
      "review-unreadable-verdict:07 state.in-review <- review.failclosed>state.in-review:nothing-recorded",
    ],
    "id": "review-unreadable-verdict",
  },
  {
    "frames": [
      "merge-worktree-retained:01 review.merge <- cut",
      "merge-worktree-retained:02 review.cleanup <- review.merge>review.cleanup:merged-lock-released",
      "merge-worktree-retained:03 state.inconsistent <- review.cleanup>state.inconsistent:worktree-retained-lock-released",
    ],
    "id": "merge-worktree-retained",
  },
  {
    "frames": [
      "usage-limit-wait:01 run.outcome <- cut",
      "usage-limit-wait:02 run.usage <- run.outcome>run.usage:own-log-shows-a-limit",
      "usage-limit-wait:03 run.requeue <- run.usage>run.requeue:no-commits-no-open-pr-worktree-removed-lock-released",
      "usage-limit-wait:04 step.wait <- run.requeue>step.wait:autopilot-agent-unavailable",
    ],
    "id": "usage-limit-wait",
  },
  {
    "frames": [
      "usage-limit-retained:01 run.outcome <- cut",
      "usage-limit-retained:02 run.usage <- run.outcome>run.usage:own-log-shows-a-limit",
      "usage-limit-retained:03 run.fail <- run.usage>run.fail:requeue-guard-failed-commits-ahead-open-pr-worktree-retained-or-lock-not-released",
      "usage-limit-retained:04 run.cleanup <- run.fail>run.cleanup:safe-cleanup",
      "usage-limit-retained:05 state.inconsistent <- run.cleanup>state.inconsistent:work-retained-failure-telemetry",
    ],
    "id": "usage-limit-retained",
  },
  {
    "frames": [
      "repair-project-in-review:01 state.needs-attention <- cut",
      "repair-project-in-review:02 rec.repair <- state.needs-attention>rec.repair:human-runs-orch-repair",
      "repair-project-in-review:03 rec.derive <- rec.repair>rec.derive:observe-facts",
      "repair-project-in-review:04 state.in-review <- rec.derive>state.in-review:open-pr-review-projections-restored",
    ],
    "id": "repair-project-in-review",
  },
  {
    "frames": [
      "repair-project-inconsistent:01 state.needs-attention <- cut",
      "repair-project-inconsistent:02 rec.repair <- state.needs-attention>rec.repair:human-runs-orch-repair",
      "repair-project-inconsistent:03 rec.derive <- rec.repair>rec.derive:observe-facts",
      "repair-project-inconsistent:04 state.inconsistent <- rec.derive>state.inconsistent:invariant-violated-or-work-preserved",
    ],
    "id": "repair-project-inconsistent",
  },
  {
    "frames": [
      "repair-project-needs-attention:01 state.needs-attention <- cut",
      "repair-project-needs-attention:02 rec.repair <- state.needs-attention>rec.repair:human-runs-orch-repair",
      "repair-project-needs-attention:03 rec.derive <- rec.repair>rec.derive:observe-facts",
      "repair-project-needs-attention:04 state.needs-attention <- rec.derive>state.needs-attention:closed-pr-or-unresolved-run-still-a-human-s",
    ],
    "id": "repair-project-needs-attention",
  },
  {
    "frames": [
      "abandon-ready:01 rec.abandon <- cut",
      "abandon-ready:02 rec.safe <- rec.abandon>rec.safe:plain-abandon-safe-removal",
      "abandon-ready:03 rec.todo <- rec.safe>rec.todo:clean-removed-lock-released",
      "abandon-ready:04 state.ready <- rec.todo>state.ready:no-failure-telemetry-no-commits-ahead",
    ],
    "id": "abandon-ready",
  },
  {
    "frames": [
      "autopilot-human-owned:01 auto.decide <- cut",
      "autopilot-human-owned:02 step.none <- auto.decide>step.none:needs-attention-or-no-pr",
    ],
    "id": "autopilot-human-owned",
  },
  {
    "frames": [
      "human-runs-merge:01 step.await-human <- cut",
      "human-runs-merge:02 review.gate <- step.await-human>review.gate:human-runs-orch-merge",
      "human-runs-merge:03 review.merge <- review.gate>review.merge:gate-passes",
    ],
    "id": "human-runs-merge",
  },
]
`;
